---
source: src/main.rs
expression: all_output

---
client,available,held,total,locked
1,10,-5,5,false
Stderr:

